Component: ARM Compiler 5.06 update 7 (build 960) Tool: armlink [4d3601]

==============================================================================

Image Symbol Table

    Local Symbols

    Symbol Name                              Value     Ov Type        Size  Object(Section)

    .emb_text                                0x00000000   Section        6  sys.o(.emb_text)
    $v0                                      0x00000000   Number         0  sys.o(.emb_text)
    FlashDev.c                               0x00000000   Number         0  flashdev.o ABSOLUTE
    FlashPrg.c                               0x00000000   Number         0  flashprg.o ABSOLUTE
    FlashPrg.c                               0x00000000   Number         0  flashprg.o ABSOLUTE
    HARDWARE\QSPI\qspi.c                     0x00000000   Number         0  qspi.o ABSOLUTE
    HARDWARE\W25QXX\norflash.c               0x00000000   Number         0  norflash.o ABSOLUTE
    HARDWARE\\QSPI\\qspi.c                   0x00000000   Number         0  qspi.o ABSOLUTE
    HARDWARE\\W25QXX\\norflash.c             0x00000000   Number         0  norflash.o ABSOLUTE
    SYSTEM\\sys\\sys.c                       0x00000000   Number         0  sys.o ABSOLUTE
    SYSTEM\sys\sys.c                         0x00000000   Number         0  sys.o ABSOLUTE
    .rev16_text                              0x00000008   Section        4  flashprg.o(.rev16_text)
    $v0                                      0x00000008   Number         0  flashprg.o(.rev16_text)
    .rev16_text                              0x0000000c   Section        4  qspi.o(.rev16_text)
    $v0                                      0x0000000c   Number         0  qspi.o(.rev16_text)
    .rev16_text                              0x00000010   Section        4  norflash.o(.rev16_text)
    $v0                                      0x00000010   Number         0  norflash.o(.rev16_text)
    .rev16_text                              0x00000014   Section        4  sys.o(.rev16_text)
    $v0                                      0x00000014   Number         0  sys.o(.rev16_text)
    .revsh_text                              0x00000018   Section        4  flashprg.o(.revsh_text)
    $v0                                      0x00000018   Number         0  flashprg.o(.revsh_text)
    .revsh_text                              0x0000001c   Section        4  qspi.o(.revsh_text)
    $v0                                      0x0000001c   Number         0  qspi.o(.revsh_text)
    .revsh_text                              0x00000020   Section        4  norflash.o(.revsh_text)
    $v0                                      0x00000020   Number         0  norflash.o(.revsh_text)
    .revsh_text                              0x00000024   Section        4  sys.o(.revsh_text)
    $v0                                      0x00000024   Number         0  sys.o(.revsh_text)
    .rrx_text                                0x00000028   Section        6  flashprg.o(.rrx_text)
    $v0                                      0x00000028   Number         0  flashprg.o(.rrx_text)
    .rrx_text                                0x00000030   Section        6  qspi.o(.rrx_text)
    $v0                                      0x00000030   Number         0  qspi.o(.rrx_text)
    .rrx_text                                0x00000038   Section        6  norflash.o(.rrx_text)
    $v0                                      0x00000038   Number         0  norflash.o(.rrx_text)
    .rrx_text                                0x00000040   Section        6  sys.o(.rrx_text)
    $v0                                      0x00000040   Number         0  sys.o(.rrx_text)
    .text                                    0x00000048   Section        0  flashprg.o(.text)
    .text                                    0x000000f8   Section        0  qspi.o(.text)
    .text                                    0x00000428   Section        0  norflash.o(.text)
    .text                                    0x00000788   Section        0  sys.o(.text)
    SCB_EnableICache                         0x00000fe9   Thumb Code   116  sys.o(.text)
    SCB_EnableDCache                         0x0000105d   Thumb Code   148  sys.o(.text)
    .data                                    0x000010fc   Section        4  flashprg.o(.data)
    .data                                    0x00001100   Section        3  norflash.o(.data)
    .bss                                     0x00001104   Section     4096  flashprg.o(.bss)
    .constdata                               0x00001104   Section     4256  flashdev.o(.constdata)
    .bss                                     0x00002104   Section     4096  norflash.o(.bss)

    Global Symbols

    Symbol Name                              Value     Ov Type        Size  Object(Section)

    BuildAttributes$$THM_ISAv4$E$P$D$K$B$S$7EM$VFPv5_D16$PE$PLD8$A:L22UL41UL21$X:L11$S22US41US21$IEEE1$IW$RWPI$~STKCKD$USESV7$~SHL$OSPACE$ROPI$EBA8$STANDARDLIB$REQ8$PRES8$EABIv2 0x00000000   Number         0  anon$$obj.o ABSOLUTE
    MSR_MSP                                  0x00000001   Thumb Code     6  sys.o(.emb_text)
    __asm___10_FlashPrg_c_Init____REV16      0x00000009   Thumb Code     4  flashprg.o(.rev16_text)
    __asm___6_qspi_c_68b0a1e9____REV16       0x0000000d   Thumb Code     4  qspi.o(.rev16_text)
    __asm___10_norflash_c_b47594ca____REV16  0x00000011   Thumb Code     4  norflash.o(.rev16_text)
    __asm___5_sys_c_d144038c____REV16        0x00000015   Thumb Code     4  sys.o(.rev16_text)
    __asm___10_FlashPrg_c_Init____REVSH      0x00000019   Thumb Code     4  flashprg.o(.revsh_text)
    __asm___6_qspi_c_68b0a1e9____REVSH       0x0000001d   Thumb Code     4  qspi.o(.revsh_text)
    __asm___10_norflash_c_b47594ca____REVSH  0x00000021   Thumb Code     4  norflash.o(.revsh_text)
    __asm___5_sys_c_d144038c____REVSH        0x00000025   Thumb Code     4  sys.o(.revsh_text)
    __asm___10_FlashPrg_c_Init____RRX        0x00000029   Thumb Code     6  flashprg.o(.rrx_text)
    __asm___6_qspi_c_68b0a1e9____RRX         0x00000031   Thumb Code     6  qspi.o(.rrx_text)
    __asm___10_norflash_c_b47594ca____RRX    0x00000039   Thumb Code     6  norflash.o(.rrx_text)
    __asm___5_sys_c_d144038c____RRX          0x00000041   Thumb Code     6  sys.o(.rrx_text)
    Init                                     0x00000049   Thumb Code    34  flashprg.o(.text)
    UnInit                                   0x0000006b   Thumb Code     6  flashprg.o(.text)
    EraseChip                                0x00000071   Thumb Code    10  flashprg.o(.text)
    EraseSector                              0x0000007b   Thumb Code    22  flashprg.o(.text)
    BlankCheck                               0x00000091   Thumb Code     6  flashprg.o(.text)
    ProgramPage                              0x00000097   Thumb Code    28  flashprg.o(.text)
    Verify                                   0x000000b3   Thumb Code    62  flashprg.o(.text)
    QSPI_Wait_Flag                           0x000000f9   Thumb Code    48  qspi.o(.text)
    QSPI_Init                                0x00000129   Thumb Code   324  qspi.o(.text)
    QSPI_Send_CMD                            0x0000026d   Thumb Code   124  qspi.o(.text)
    QSPI_Receive                             0x000002e9   Thumb Code   156  qspi.o(.text)
    QSPI_Transmit                            0x00000385   Thumb Code   148  qspi.o(.text)
    NORFLASH_Write_Enable                    0x00000429   Thumb Code    38  norflash.o(.text)
    NORFLASH_ReadID                          0x0000044f   Thumb Code    60  norflash.o(.text)
    NORFLASH_Write_SR                        0x0000048b   Thumb Code    82  norflash.o(.text)
    NORFLASH_ReadSR                          0x000004dd   Thumb Code    90  norflash.o(.text)
    NORFLASH_Qspi_Enable                     0x00000537   Thumb Code    56  norflash.o(.text)
    NORFLASH_Init                            0x0000056f   Thumb Code    62  norflash.o(.text)
    NORFLASH_Qspi_Disable                    0x000005ad   Thumb Code    24  norflash.o(.text)
    NORFLASH_Write_Disable                   0x000005c5   Thumb Code    38  norflash.o(.text)
    NORFLASH_Read                            0x000005eb   Thumb Code    30  norflash.o(.text)
    NORFLASH_Wait_Busy                       0x00000609   Thumb Code    20  norflash.o(.text)
    NORFLASH_Write_Page                      0x0000061d   Thumb Code    38  norflash.o(.text)
    NORFLASH_Write_NoCheck                   0x00000643   Thumb Code    70  norflash.o(.text)
    NORFLASH_Erase_Sector                    0x00000689   Thumb Code    32  norflash.o(.text)
    NORFLASH_Write                           0x000006a9   Thumb Code   182  norflash.o(.text)
    NORFLASH_Erase_Chip                      0x0000075f   Thumb Code    28  norflash.o(.text)
    MY_NVIC_SetVectorTable                   0x00000789   Thumb Code    12  sys.o(.text)
    MY_NVIC_PriorityGroupConfig              0x00000795   Thumb Code    36  sys.o(.text)
    MY_NVIC_Init                             0x000007b9   Thumb Code   116  sys.o(.text)
    Ex_NVIC_Config                           0x0000082d   Thumb Code   170  sys.o(.text)
    GPIO_AF_Set                              0x000008d7   Thumb Code    64  sys.o(.text)
    GPIO_Set                                 0x00000917   Thumb Code   222  sys.o(.text)
    GPIO_Pin_Set                             0x000009f5   Thumb Code    14  sys.o(.text)
    GPIO_Pin_Get                             0x00000a03   Thumb Code    16  sys.o(.text)
    WFI_SET                                  0x00000a13   Thumb Code     4  sys.o(.text)
    INTX_DISABLE                             0x00000a17   Thumb Code     4  sys.o(.text)
    INTX_ENABLE                              0x00000a1b   Thumb Code     4  sys.o(.text)
    Sys_Standby                              0x00000a1f   Thumb Code   108  sys.o(.text)
    Sys_Soft_Reset                           0x00000a8b   Thumb Code    12  sys.o(.text)
    Cache_Enable                             0x00000a97   Thumb Code    24  sys.o(.text)
    Sys_Clock_Set                            0x00000aaf   Thumb Code   602  sys.o(.text)
    QSPI_Enable_Memmapmode                   0x00000d09   Thumb Code   590  sys.o(.text)
    Stm32_Clock_Init                         0x00000f57   Thumb Code   146  sys.o(.text)
    base_adr                                 0x000010fc   Data           4  flashprg.o(.data)
    NORFLASH_TYPE                            0x00001100   Data           2  norflash.o(.data)
    NORFLASH_QPI_MODE                        0x00001102   Data           1  norflash.o(.data)
    FlashDevice                              0x00001104   Data        4256  flashdev.o(.constdata)
    aux_buf                                  0x00001104   Data        4096  flashprg.o(.bss)
    NORFLASH_BUFFER                          0x00002104   Data        4096  norflash.o(.bss)



==============================================================================

Memory Map of the image

  Image entry point : Not specified.

  Load Region PRG (Base: 0x00000000, Size: 0x00001104, Max: 0xffffffff, PI)

    Execution Region PrgCode (Exec base: 0x00000000, Load base: 0x00000000, Size: 0x000010f8, Max: 0xffffffff, PI)

    Exec Addr    Load Addr    Size         Type   Attr      Idx    E Section Name        Object

    0x00000000   0x00000000   0x00000006   Code   RO          149    .emb_text           sys.o
    0x00000006   0x00000006   0x00000002   PAD
    0x00000008   0x00000008   0x00000004   Code   RO            1    .rev16_text         flashprg.o
    0x0000000c   0x0000000c   0x00000004   Code   RO           88    .rev16_text         qspi.o
    0x00000010   0x00000010   0x00000004   Code   RO          115    .rev16_text         norflash.o
    0x00000014   0x00000014   0x00000004   Code   RO          146    .rev16_text         sys.o
    0x00000018   0x00000018   0x00000004   Code   RO            2    .revsh_text         flashprg.o
    0x0000001c   0x0000001c   0x00000004   Code   RO           89    .revsh_text         qspi.o
    0x00000020   0x00000020   0x00000004   Code   RO          116    .revsh_text         norflash.o
    0x00000024   0x00000024   0x00000004   Code   RO          147    .revsh_text         sys.o
    0x00000028   0x00000028   0x00000006   Code   RO            3    .rrx_text           flashprg.o
    0x0000002e   0x0000002e   0x00000002   PAD
    0x00000030   0x00000030   0x00000006   Code   RO           90    .rrx_text           qspi.o
    0x00000036   0x00000036   0x00000002   PAD
    0x00000038   0x00000038   0x00000006   Code   RO          117    .rrx_text           norflash.o
    0x0000003e   0x0000003e   0x00000002   PAD
    0x00000040   0x00000040   0x00000006   Code   RO          148    .rrx_text           sys.o
    0x00000046   0x00000046   0x00000002   PAD
    0x00000048   0x00000048   0x000000b0   Code   RO            4    .text               flashprg.o
    0x000000f8   0x000000f8   0x00000330   Code   RO           91    .text               qspi.o
    0x00000428   0x00000428   0x00000360   Code   RO          118    .text               norflash.o
    0x00000788   0x00000788   0x00000970   Code   RO          150    .text               sys.o


    Execution Region PrgData (Exec base: 0x000010f8, Load base: 0x000010f8, Size: 0x0000200c, Max: 0xffffffff, PI)

    Exec Addr    Load Addr    Size         Type   Attr      Idx    E Section Name        Object

    0x000010f8   0x000010f8   0x00000004   Data   RW          197    PDT$$ptr            anon$$obj.o
    0x000010fc   0x000010fc   0x00000004   Data   RW            6    .data               flashprg.o
    0x00001100   0x00001100   0x00000003   Data   RW          120    .data               norflash.o
    0x00001103   0x00001103   0x00000001   PAD
    0x00001104        -       0x00001000   Zero   RW            5    .bss                flashprg.o
    0x00002104        -       0x00001000   Zero   RW          119    .bss                norflash.o



  Load Region DSCR (Base: 0x00001104, Size: 0x000010a0, Max: 0xffffffff, PI)

    Execution Region DevDscr (Exec base: 0x00001104, Load base: 0x00001104, Size: 0x000010a0, Max: 0xffffffff, PI)

    Exec Addr    Load Addr    Size         Type   Attr      Idx    E Section Name        Object

    0x00001104   0x00001104   0x000010a0   Data   RO           79    .constdata          flashdev.o


==============================================================================

Image component sizes


      Code (inc. data)   RO Data    RW Data    ZI Data      Debug   Object Name

         0          0       4256          0          0        518   flashdev.o
       190          8          0          4       4096      10493   flashprg.o
       878         14          0          3       4096       6081   norflash.o
       830         16          0          0          0       4056   qspi.o
      2436         88          0          0          0     996834   sys.o

    ----------------------------------------------------------------------
      4344        126       4256         12       8192    1017982   Object Totals
         0          0          0          4          0          0   (incl. Generated)
        10          0          0          1          0          0   (incl. Padding)

    ----------------------------------------------------------------------
         0          0          0          0          0          0   Library Totals
         0          0          0          0          0          0   (incl. Padding)

    ----------------------------------------------------------------------

==============================================================================


      Code (inc. data)   RO Data    RW Data    ZI Data      Debug   

      4344        126       4256         12       8192    1016230   Grand Totals
      4344        126       4256         12       8192    1016230   ELF Image Totals
      4344        126       4256         12          0          0   ROM Totals

==============================================================================

    Total RO  Size (Code + RO Data)                 8600 (   8.40kB)
    Total RW  Size (RW Data + ZI Data)              8204 (   8.01kB)
    Total ROM Size (Code + RO Data + RW Data)       8612 (   8.41kB)

==============================================================================

